test/functional/data/success: 28.73K, Directories: 7, Files: 6
test/functional/data/success/d2: 16.40K, Directories: 4, Files: 2
test/functional/data/success/d2/d2: 8.21K, Directories: 2, Files: 1
test/functional/data/success/.hidden: 4.11K, Directories: 1, Files: 1
test/functional/data/success/d2/d2/d1: 4.11K, Directories: 1, Files: 1
test/functional/data/success/d1: 4.10K, Directories: 1, Files: 2
test/functional/data/success/d2/d1: 4.10K, Directories: 1, Files: 1
test/functional/data/success/.hidden/f1: 17.00B, Directories: 0, Files: 1
test/functional/data/success/d2/d2/d1/f1: 14.00B, Directories: 0, Files: 1
test/functional/data/success/.h1: 12.00B, Directories: 0, Files: 1
test/functional/data/success/d1/f2: 5.00B, Directories: 0, Files: 1
test/functional/data/success/d1/f1: 4.00B, Directories: 0, Files: 1
test/functional/data/success/d2/d1/f1: 2.00B, Directories: 0, Files: 1
