test\functional\data\success: 51.00B, Directories: 3, Files: 5
test\functional\data\success\d1: 20.00B, Directories: 1, Files: 3
test\functional\data\success\.hidden\f1: 18.00B, Directories: 0, Files: 1
test\functional\data\success\.hidden: 18.00B, Directories: 1, Files: 1
test\functional\data\success\.h1: 13.00B, Directories: 0, Files: 1
test\functional\data\success\d1\ɑÖɣÄ: 9.00B, Directories: 0, Files: 1
test\functional\data\success\d1\f2: 6.00B, Directories: 0, Files: 1
test\functional\data\success\d1\f1: 5.00B, Directories: 0, Files: 1
