<dir>/test/functional/data: 54.00B
<dir>/test/functional/data/.hidden: 17.00B
<dir>/test/functional/data/.hidden/f1: 17.00B
<dir>/test/functional/data/d2: 16.00B
<dir>/test/functional/data/d2/d2: 14.00B
<dir>/test/functional/data/d2/d2/d1: 14.00B
<dir>/test/functional/data/d2/d2/d1/f1: 14.00B
<dir>/test/functional/data/.h1: 12.00B
<dir>/test/functional/data/d1: 9.00B
<dir>/test/functional/data/d1/f2: 5.00B
<dir>/test/functional/data/d1/f1: 4.00B
<dir>/test/functional/data/d2/d1: 2.00B
<dir>/test/functional/data/d2/d1/f1: 2.00B
