/home/tommy/Dev/tommy/github/fs-utils/test/functional/data: 25.00B
/home/tommy/Dev/tommy/github/fs-utils/test/functional/data/d2: 16.00B
/home/tommy/Dev/tommy/github/fs-utils/test/functional/data/d2/d2: 14.00B
/home/tommy/Dev/tommy/github/fs-utils/test/functional/data/d2/d2/d1: 14.00B
/home/tommy/Dev/tommy/github/fs-utils/test/functional/data/d2/d2/d1/f1: 14.00B
/home/tommy/Dev/tommy/github/fs-utils/test/functional/data/d1: 9.00B
/home/tommy/Dev/tommy/github/fs-utils/test/functional/data/d1/f2: 5.00B
/home/tommy/Dev/tommy/github/fs-utils/test/functional/data/d1/f1: 4.00B
/home/tommy/Dev/tommy/github/fs-utils/test/functional/data/d2/d1: 2.00B
/home/tommy/Dev/tommy/github/fs-utils/test/functional/data/d2/d1/f1: 2.00B
